test/test_parser.c: In function ‘test_parse_generic_aurora’:
test/test_parser.c:665:10: warning: unused variable ‘stmt_count’ [-Wunused-variable]
  665 |    usize stmt_count = Context.statement_count(ctx);
      |          ^~~~~~~~~~
test/test_parser.c: In function ‘test_parse_expected_tuple_close’:
test/test_parser.c:839:12: warning: unused variable ‘ctx’ [-Wunused-variable]
  839 |    context ctx = parse_source_with_err(source, ANVL_DIALECT_AML, &err_state);
      |            ^~~
test/test_parser.c: In function ‘test_parse_tuple_single_element_error’:
test/test_parser.c:1262:9: warning: unused variable ‘result’ [-Wunused-variable]
 1262 |    bool result = Context.parse(ctx);
      |         ^~~~~~
test/test_parser.c: At top level:
test/test_parser.c:26:13: warning: ‘test_parse_numbers’ declared ‘static’ but never defined [-Wunused-function]
   26 | static void test_parse_numbers(void);
      |             ^~~~~~~~~~~~~~~~~~
test/test_parser.c:27:13: warning: ‘test_parse_booleans_and_null’ declared ‘static’ but never defined [-Wunused-function]
   27 | static void test_parse_booleans_and_null(void);
      |             ^~~~~~~~~~~~~~~~~~~~~~~~~~~~
test/test_parser.c:28:13: warning: ‘test_parse_bare_literals’ declared ‘static’ but never defined [-Wunused-function]
   28 | static void test_parse_bare_literals(void);
      |             ^~~~~~~~~~~~~~~~~~~~~~~~
test/test_parser.c:32:13: warning: ‘test_parse_blobs’ declared ‘static’ but never defined [-Wunused-function]
   32 | static void test_parse_blobs(void);
      |             ^~~~~~~~~~~~~~~~
test/test_parser.c:1101:13: warning: ‘test_parse_invalid_number’ defined but not used [-Wunused-function]
 1101 | static void test_parse_invalid_number(void) {
      |             ^~~~~~~~~~~~~~~~~~~~~~~~~
test/test_parser.c:1096:13: warning: ‘test_parse_invalid_exponent’ defined but not used [-Wunused-function]
 1096 | static void test_parse_invalid_exponent(void) {
      |             ^~~~~~~~~~~~~~~~~~~~~~~~~~~
test/test_parser.c:1091:13: warning: ‘test_parse_invalid_hex_literal’ defined but not used [-Wunused-function]
 1091 | static void test_parse_invalid_hex_literal(void) {
      |             ^~~~~~~~~~~~~~~~~~~~~~~~~~~~~~
test/test_parser.c:1086:13: warning: ‘test_parse_unterminated_freeform’ defined but not used [-Wunused-function]
 1086 | static void test_parse_unterminated_freeform(void) {
      |             ^~~~~~~~~~~~~~~~~~~~~~~~~~~~~~~~
test/test_parser.c:1081:13: warning: ‘test_parse_expected_backtick’ defined but not used [-Wunused-function]
 1081 | static void test_parse_expected_backtick(void) {
      |             ^~~~~~~~~~~~~~~~~~~~~~~~~~~~
test/test_parser.c:1032:13: warning: ‘test_parse_unexpected_char’ defined but not used [-Wunused-function]
 1032 | static void test_parse_unexpected_char(void) {
      |             ^~~~~~~~~~~~~~~~~~~~~~~~~~
test/test_parser.c:1027:13: warning: ‘test_parse_duplicate_attribute_key’ defined but not used [-Wunused-function]
 1027 | static void test_parse_duplicate_attribute_key(void) {
      |             ^~~~~~~~~~~~~~~~~~~~~~~~~~~~~~~~~~
test/test_parser.c:1022:13: warning: ‘test_parse_invalid_attribute’ defined but not used [-Wunused-function]
 1022 | static void test_parse_invalid_attribute(void) {
      |             ^~~~~~~~~~~~~~~~~~~~~~~~~~~~
test/test_parser.c:1017:13: warning: ‘test_parse_invalid_attribute_block’ defined but not used [-Wunused-function]
 1017 | static void test_parse_invalid_attribute_block(void) {
      |             ^~~~~~~~~~~~~~~~~~~~~~~~~~~~~~~~~~
test/test_parser.c:1012:13: warning: ‘test_parse_assignment_not_allowed_here’ defined but not used [-Wunused-function]
 1012 | static void test_parse_assignment_not_allowed_here(void) {
      |             ^~~~~~~~~~~~~~~~~~~~~~~~~~~~~~~~~~~~~~
test/test_parser.c:1007:13: warning: ‘test_parse_rocket_op_not_valid’ defined but not used [-Wunused-function]
 1007 | static void test_parse_rocket_op_not_valid(void) {
      |             ^~~~~~~~~~~~~~~~~~~~~~~~~~~~~~
test/test_parser.c:1002:13: warning: ‘test_parse_empty_tuple_element’ defined but not used [-Wunused-function]
 1002 | static void test_parse_empty_tuple_element(void) {
      |             ^~~~~~~~~~~~~~~~~~~~~~~~~~~~~~
test/test_parser.c:975:13: warning: ‘test_parse_tuple_too_short’ defined but not used [-Wunused-function]
  975 | static void test_parse_tuple_too_short(void) {
      |             ^~~~~~~~~~~~~~~~~~~~~~~~~~
test/test_parser.c:970:13: warning: ‘test_parse_attribute_is_keyword’ defined but not used [-Wunused-function]
  970 | static void test_parse_attribute_is_keyword(void) {
      |             ^~~~~~~~~~~~~~~~~~~~~~~~~~~~~~~
test/test_parser.c:965:13: warning: ‘test_parse_identifier_is_keyword’ defined but not used [-Wunused-function]
  965 | static void test_parse_identifier_is_keyword(void) {
      |             ^~~~~~~~~~~~~~~~~~~~~~~~~~~~~~~~
test/test_parser.c:960:13: warning: ‘test_parse_invalid_key_in_object’ defined but not used [-Wunused-function]
  960 | static void test_parse_invalid_key_in_object(void) {
      |             ^~~~~~~~~~~~~~~~~~~~~~~~~~~~~~~~
test/test_parser.c:955:13: warning: ‘test_parse_duplicate_field_in_object’ defined but not used [-Wunused-function]
  955 | static void test_parse_duplicate_field_in_object(void) {
      |             ^~~~~~~~~~~~~~~~~~~~~~~~~~~~~~~~~~~~
test/test_parser.c:933:13: warning: ‘test_parse_unexpected_token’ defined but not used [-Wunused-function]
  933 | static void test_parse_unexpected_token(void) {
      |             ^~~~~~~~~~~~~~~~~~~~~~~~~~~
test/test_parser.c:817:13: warning: ‘test_parse_trailing_comma_in_object’ defined but not used [-Wunused-function]
  817 | static void test_parse_trailing_comma_in_object(void) {
      |             ^~~~~~~~~~~~~~~~~~~~~~~~~~~~~~~~~~~
test/test_parser.c:812:13: warning: ‘test_parse_expected_object_close’ defined but not used [-Wunused-function]
  812 | static void test_parse_expected_object_close(void) {
      |             ^~~~~~~~~~~~~~~~~~~~~~~~~~~~~~~~
test/test_parser.c:807:13: warning: ‘test_parse_expected_object_value’ defined but not used [-Wunused-function]
  807 | static void test_parse_expected_object_value(void) {
      |             ^~~~~~~~~~~~~~~~~~~~~~~~~~~~~~~~
test/test_parser.c:802:13: warning: ‘test_parse_expected_object_field’ defined but not used [-Wunused-function]
  802 | static void test_parse_expected_object_field(void) {
      |             ^~~~~~~~~~~~~~~~~~~~~~~~~~~~~~~~
test/test_parser.c:689:13: warning: ‘test_parse_real_world_data’ defined but not used [-Wunused-function]
  689 | static void test_parse_real_world_data(void) {
      |             ^~~~~~~~~~~~~~~~~~~~~~~~~~
test/test_parser.c:670:13: warning: ‘test_parse_deep_nesting’ defined but not used [-Wunused-function]
  670 | static void test_parse_deep_nesting(void) {
      |             ^~~~~~~~~~~~~~~~~~~~~~~
test/test_parser.c:662:13: warning: ‘test_parse_generic_aurora’ defined but not used [-Wunused-function]
  662 | static void test_parse_generic_aurora(void) {
      |             ^~~~~~~~~~~~~~~~~~~~~~~~~
test/test_parser.c:653:13: warning: ‘test_parse_tuples_sample’ defined but not used [-Wunused-function]
  653 | static void test_parse_tuples_sample(void) {
      |             ^~~~~~~~~~~~~~~~~~~~~~~~
test/test_parser.c:634:13: warning: ‘test_parse_objects_sample’ defined but not used [-Wunused-function]
  634 | static void test_parse_objects_sample(void) {
      |             ^~~~~~~~~~~~~~~~~~~~~~~~~
test/test_parser.c:625:13: warning: ‘test_parse_modpack_sample’ defined but not used [-Wunused-function]
  625 | static void test_parse_modpack_sample(void) {
      |             ^~~~~~~~~~~~~~~~~~~~~~~~~
test/test_parser.c:616:13: warning: ‘test_parse_inherits_sample’ defined but not used [-Wunused-function]
  616 | static void test_parse_inherits_sample(void) {
      |             ^~~~~~~~~~~~~~~~~~~~~~~~~~
test/test_parser.c:607:13: warning: ‘test_parse_attributes_sample’ defined but not used [-Wunused-function]
  607 | static void test_parse_attributes_sample(void) {
      |             ^~~~~~~~~~~~~~~~~~~~~~~~~~~~
test/test_parser.c:598:13: warning: ‘test_parse_assignments_sample’ defined but not used [-Wunused-function]
  598 | static void test_parse_assignments_sample(void) {
      |             ^~~~~~~~~~~~~~~~~~~~~~~~~~~~~
test/test_parser.c:589:13: warning: ‘test_parse_arrays_sample’ defined but not used [-Wunused-function]
  589 | static void test_parse_arrays_sample(void) {
      |             ^~~~~~~~~~~~~~~~~~~~~~~~
test/test_parser.c:567:13: warning: ‘test_parse_moderate_stress’ defined but not used [-Wunused-function]
  567 | static void test_parse_moderate_stress(void) {
      |             ^~~~~~~~~~~~~~~~~~~~~~~~~~
test/test_parser.c:546:13: warning: ‘test_parse_object_with_array’ defined but not used [-Wunused-function]
  546 | static void test_parse_object_with_array(void) {
      |             ^~~~~~~~~~~~~~~~~~~~~~~~~~~~
test/test_parser.c:525:13: warning: ‘test_parse_array_with_objects’ defined but not used [-Wunused-function]
  525 | static void test_parse_array_with_objects(void) {
      |             ^~~~~~~~~~~~~~~~~~~~~~~~~~~~~
test/test_parser.c:504:13: warning: ‘test_parse_mixed_tuple’ defined but not used [-Wunused-function]
  504 | static void test_parse_mixed_tuple(void) {
      |             ^~~~~~~~~~~~~~~~~~~~~~
test/test_parser.c:483:13: warning: ‘test_parse_nested_arrays’ defined but not used [-Wunused-function]
  483 | static void test_parse_nested_arrays(void) {
      |             ^~~~~~~~~~~~~~~~~~~~~~~~
test/test_parser.c:462:13: warning: ‘test_parse_mixed_array’ defined but not used [-Wunused-function]
  462 | static void test_parse_mixed_array(void) {
      |             ^~~~~~~~~~~~~~~~~~~~~~
test/test_parser.c:315:13: warning: ‘test_parse_numbers_stub’ defined but not used [-Wunused-function]
  315 | static void test_parse_numbers_stub(void) {
      |             ^~~~~~~~~~~~~~~~~~~~~~~
test/test_parser.c:213:13: warning: ‘test_parse_inheritance_placeholder’ defined but not used [-Wunused-function]
  213 | static void test_parse_inheritance_placeholder(void) {
      |             ^~~~~~~~~~~~~~~~~~~~~~~~~~~~~~~~~~
[2025-12-19  14:03:28]   Test Set:                   Parser Tests
=================================================================
Tests run: 41, Passed: 34, Failed: 7, Skipped: 0
Total test sets registered: 1
make: *** [Makefile:84: test_parser] Error 1
